
> viral-content-hunter-frontend@1.0.0 build
> tsc && vite build

src/components/AnalyticsDashboard.tsx(3,3): error TS6133: 'LineChart' is declared but its value is never read.
src/components/AnalyticsDashboard.tsx(4,3): error TS6133: 'Line' is declared but its value is never read.
src/components/AnalyticsDashboard.tsx(16,3): error TS6133: 'Legend' is declared but its value is never read.
src/components/QuickPublish.tsx(22,10): error TS6133: 'platforms' is declared but its value is never read.
